// Jest Snapshot v1, https://goo.gl/fbAQLP

exports[`Food Page renders: Without failing 1`] = `
<div
  className="mainDiv"
>
  <div>
    <div
      className=""
      id="fixed-menu"
    >
      <div
        className="headerUl"
      >
        <li
          className=""
          onMouseLeave={[Function]}
          onMouseOver={[Function]}
        >
          <a
            className="menulevel"
            href="/"
            onClick={[Function]}
          >
            Home
          </a>
          <div
            className="submenu-hidden"
          />
        </li>
        <li
          className=""
          onMouseLeave={[Function]}
          onMouseOver={[Function]}
        >
          <span
            className="menulevel"
          >
            Infrastructure
          </span>
          <div
            className="submenu-hidden"
          >
            <a
              className=""
              data-id={0}
              href="/Food/"
              onClick={[Function]}
              onMouseLeave={[Function]}
              onMouseOver={[Function]}
            >
              Food
            </a>
            <a
              className=""
              data-id={1}
              href="/Charity/"
              onClick={[Function]}
              onMouseLeave={[Function]}
              onMouseOver={[Function]}
            >
              Charities
            </a>
            <a
              className=""
              data-id={2}
              href="/Accommodation/"
              onClick={[Function]}
              onMouseLeave={[Function]}
              onMouseOver={[Function]}
            >
              Accommodation
            </a>
          </div>
        </li>
        <li
          className=""
          onMouseLeave={[Function]}
          onMouseOver={[Function]}
        >
          <span
            className="menulevel"
          >
            Contact
          </span>
          <div
            className="submenu-hidden"
          >
            <a
              className=""
              data-id={0}
              href="https://www.facebook.com/avas.angels.739"
              onMouseLeave={[Function]}
              onMouseOver={[Function]}
              rel="noopener noreferrer"
              target="_blank"
            >
              Facebook
            </a>
            <a
              className=""
              data-id={1}
              href="https://twitter.com/AvasAngels_com"
              onMouseLeave={[Function]}
              onMouseOver={[Function]}
              rel="noopener noreferrer"
              target="_blank"
            >
              Twitter
            </a>
            <a
              className=""
              data-id={2}
              href="https://www.instagram.com/avasangelscharity/"
              onMouseLeave={[Function]}
              onMouseOver={[Function]}
              rel="noopener noreferrer"
              target="_blank"
            >
              Instagram
            </a>
            <a
              className=""
              data-id={3}
              href="https://www.linkedin.com/in/avas-angels-1519a2160/"
              onMouseLeave={[Function]}
              onMouseOver={[Function]}
              rel="noopener noreferrer"
              target="_blank"
            >
              LinkedIn
            </a>
            <a
              className=""
              data-id={4}
              href="/Contact/"
              onClick={[Function]}
              onMouseLeave={[Function]}
              onMouseOver={[Function]}
            >
              Leave Contact Info
            </a>
          </div>
        </li>
        <li
          className=""
          onMouseLeave={[Function]}
          onMouseOver={[Function]}
        >
          <span
            className="menulevel"
          >
            Get Involved
          </span>
          <div
            className="submenu-hidden"
          >
            <a
              className=""
              data-id={0}
              href="https://www.paypal.com/fundraiser/112574636177901026/charity/3575409"
              onMouseLeave={[Function]}
              onMouseOver={[Function]}
              rel="noopener noreferrer"
              target="_blank"
            >
              Donate
            </a>
            <a
              className=""
              data-id={1}
              href="https://www.avas-angels.com/getinvolved.html"
              onMouseLeave={[Function]}
              onMouseOver={[Function]}
              rel="noopener noreferrer"
              target="_blank"
            >
              Volunteers
            </a>
            <a
              className=""
              data-id={2}
              href="https://www.avas-angels.com/getinvolved.html"
              onMouseLeave={[Function]}
              onMouseOver={[Function]}
              rel="noopener noreferrer"
              target="_blank"
            >
              Supporters
            </a>
            <a
              className=""
              data-id={3}
              href="https://www.avas-angels.com/getinvolved.html"
              onMouseLeave={[Function]}
              onMouseOver={[Function]}
              rel="noopener noreferrer"
              target="_blank"
            >
              Sponsors
            </a>
            <a
              className=""
              data-id={4}
              href="/Feedback/"
              onClick={[Function]}
              onMouseLeave={[Function]}
              onMouseOver={[Function]}
            >
              FeedBack
            </a>
          </div>
        </li>
        <li
          className=""
          onMouseLeave={[Function]}
          onMouseOver={[Function]}
        >
          <span
            className="menulevel"
          >
            More on Ava's Angels
          </span>
          <div
            className="submenu-hidden"
          >
            <a
              className=""
              data-id={0}
              href="/About/"
              onClick={[Function]}
              onMouseLeave={[Function]}
              onMouseOver={[Function]}
            >
              About Ava's Angels
            </a>
            <a
              className=""
              data-id={1}
              href="https://www.avas-angels.com/angelservices.html"
              onMouseLeave={[Function]}
              onMouseOver={[Function]}
              rel="noopener noreferrer"
              target="_blank"
            >
              Angel Services
            </a>
            <a
              className=""
              data-id={2}
              href="https://www.avas-angels.com/difference.html"
              onMouseLeave={[Function]}
              onMouseOver={[Function]}
              rel="noopener noreferrer"
              target="_blank"
            >
              How we make a difference
            </a>
            <a
              className=""
              data-id={3}
              href="https://www.avas-angels.com/supporters.html"
              onMouseLeave={[Function]}
              onMouseOver={[Function]}
              rel="noopener noreferrer"
              target="_blank"
            >
              Proud Supporters
            </a>
            <a
              className=""
              data-id={4}
              href="https://www.avas-angels.com/shop.html"
              onMouseLeave={[Function]}
              onMouseOver={[Function]}
              rel="noopener noreferrer"
              target="_blank"
            >
              Shop
            </a>
            <a
              className=""
              data-id={5}
              href="https://www.avas-angels.com/news.html"
              onMouseLeave={[Function]}
              onMouseOver={[Function]}
              rel="noopener noreferrer"
              target="_blank"
            >
              News/Press
            </a>
          </div>
        </li>
      </div>
    </div>
    <header>
      <div
        align="center"
        className="pageHeader"
      >
        <img
          alt="Ava's Angel"
          src="https://www.avas-angels.com/images/HiResLogo.png"
        />
      </div>
    </header>
  </div>
   
  <p
    className="banner"
  >
     Eateries around the hospital 
  </p>
  <div>
    <div
      className="contentContainer"
    >
      <img
        className="swipeLeft"
        onClick={[Function]}
        src="swipeLeft.png"
      />
      <img
        className="swipeRight"
        onClick={[Function]}
        src="swipeRight.png"
      />
      <img
        alt=""
        className="picture"
        src="connectionFail.png"
      />
      <b>
        <p
          className="title"
        >
          Name
        </p>
      </b>
      <p
        className="content"
      >
        
      </p>
      <b>
        <p
          className="title"
        >
          Address
        </p>
      </b>
      <p
        className="content"
      >
        
      </p>
      <b>
        <p
          className="title"
        >
          Type
        </p>
      </b>
      <p
        className="content"
      >
        
      </p>
      <b>
        <p
          className="title"
        >
          Price
        </p>
      </b>
      <p
        className="content"
      >
        
      </p>
      <b>
        <p
          className="title"
        >
          External Link
        </p>
      </b>
      <a
        href=""
      >
        <p
          className="content"
        >
          
        </p>
      </a>
    </div>
  </div>
  <div
    className="footerMain"
  >
    <p
      className="banner"
    >
       Get Involved: 
    </p>
    <div
      align="center"
    >
      <button
        className="MuiButtonBase-root MuiButton-root WithStyles(ForwardRef(Button))-root-1 MuiButton-contained MuiButton-containedPrimary"
        disabled={false}
        onBlur={[Function]}
        onClick={[Function]}
        onDragLeave={[Function]}
        onFocus={[Function]}
        onKeyDown={[Function]}
        onKeyUp={[Function]}
        onMouseDown={[Function]}
        onMouseLeave={[Function]}
        onMouseUp={[Function]}
        onTouchEnd={[Function]}
        onTouchMove={[Function]}
        onTouchStart={[Function]}
        tabIndex={0}
        type="button"
      >
        <span
          className="MuiButton-label"
        >
          Become Part Of Ava's Angels
        </span>
      </button>
    </div>
    <button
      className="donate"
      onClick={[Function]}
    />
    <div
      className="SocialButtons"
    >
      <button
        className="butt fb-butt"
        onClick={[Function]}
      />
      <button
        className="butt tw-butt"
        onClick={[Function]}
      />
      <button
        className="butt ins-butt"
        onClick={[Function]}
      />
      <button
        className="butt li-butt"
        onClick={[Function]}
      />
      <button
        className="butt feed-butt"
        onClick={[Function]}
      />
    </div>
    <div
      className="furtherInfo"
    >
      | 
      <a
        href="https://www.google.com"
      >
         FAQ 
      </a>
       | 
      <a
        href="https://www.google.com"
      >
         Terms of Use 
      </a>
       |
      <a
        href="https://www.google.com"
      >
         Privacy 
      </a>
       |
      <a
        href="https://www.google.com"
      >
         Contact 
      </a>
       |
    </div>
    <div
      className="copyRight"
    >
      <p>
        © Copyright 2019-2020. Designed and powered by Ali S., Lawrence W., Shan W.Z., Benjamin S., Chen Y.T. and Zhang J.H. All Rights Reserved.
         
      </p>
    </div>
  </div>
   
</div>
`;
